// Jest Snapshot v1, https://goo.gl/fbAQLP

exports[`product snapshot tests test weird snapshot 1`] = `
<div
  className="App"
  onClick={[Function]}
>
  <header
    className="App-header"
  >
    <div
      className="App-menubar"
    >
      <label
        className="hamburger-icon fa fa-bars"
        onClick={[Function]}
      />
      <div
        className="menu-content"
      >
        <div
          className="links-container"
        >
          <a
            className="page-link"
            href="/"
            onClick={[Function]}
          >
            <span>
              Home
            </span>
          </a>
          <a
            className="page-link"
            href="/about"
            onClick={[Function]}
          >
            <span>
              About
            </span>
          </a>
          <a
            className="page-link"
            href="/products"
            onClick={[Function]}
          >
            <span>
              Products
            </span>
          </a>
          <a
            className="page-link"
            href="/contact"
            onClick={[Function]}
          >
            <span>
              Contact
            </span>
          </a>
          <a
            className="page-link"
            href="/login"
            onClick={[Function]}
          >
            <span>
              SignIn
            </span>
          </a>
        </div>
        <div
          className="socialLinks"
        >
          <div
            className="social-links"
          >
            <a
              className="fa fa-facebook"
              href="facebook.com"
              target="_blank"
            />
            <a
              className="fa fa-github"
              href="github.com"
              target="_blank"
            />
            <a
              className="fa fa-envelope"
              href="vnovick@gmail.comm"
              target="_blank"
            />
          </div>
        </div>
      </div>
      <div
        className="overlay"
      />
    </div>
    <section
      className="App-subheader"
    />
  </header>
  <section
    className="App-body"
  >
    <div
      className="raised-2 section"
    >
      <div>
        <h2
          className="heading heading-2"
        >
          Greek amphora 1
        </h2>
        <div
          className="product-page-image"
          src="//c1.staticflickr.com/5/4215/35504896635_ec1a78af43_b.jpg"
          style={
            Object {
              "backgroundImage": "url(//c1.staticflickr.com/5/4215/35504896635_ec1a78af43_b.jpg)",
            }
          }
        />
        <p>
          Cupidatat irure magna magna in Lorem Lorem est tempor tempor ut. Cupidatat irure magna magna in Lorem Lorem est tempor tempor ut.Cupidatat irure magna magna in Lorem Lorem est tempor tempor ut.Cupidatat irure magna magna in Lorem Lorem est tempor tempor ut.Cupidatat irure magna magna in Lorem Lorem est tempor tempor ut.
        </p>
        <div>
          Price
          :
          <span>
             
            101K USD
          </span>
        </div>
        <button
          className="cart-product-add-button"
          id="add-to-cart-button"
          onClick={[Function]}
        >
          Buy
        </button>
      </div>
    </div>
  </section>
  <footer
    className="App-footer"
  >
    <div
      className="social-links"
    >
      <a
        className="text-link"
        href="facebook.com"
        target="_blank"
      >
        Facebook
      </a>
      <a
        className="text-link"
        href="github.com"
        target="_blank"
      >
        Github
      </a>
      <a
        className="text-link"
        href="vnovick@gmail.comm"
        target="_blank"
      >
        Email
      </a>
    </div>
  </footer>
</div>
`;
