// Jest Snapshot v1, https://goo.gl/fbAQLP

exports[`About snapshot tests test weird snapshot 1`] = `
<div
  className="App"
  onClick={[Function]}
>
  <header
    className="App-header"
  >
    <div
      className="App-menubar"
    >
      <label
        className="hamburger-icon fa fa-bars"
        onClick={[Function]}
      />
      <div
        className="menu-content"
      >
        <div
          className="links-container"
        >
          <a
            className="page-link"
            href="/"
            onClick={[Function]}
          >
            <span>
              Home
            </span>
          </a>
          <a
            className="page-link"
            href="/about"
            onClick={[Function]}
          >
            <span>
              About
            </span>
          </a>
          <a
            className="page-link"
            href="/products"
            onClick={[Function]}
          >
            <span>
              Products
            </span>
          </a>
          <a
            className="page-link"
            href="/contact"
            onClick={[Function]}
          >
            <span>
              Contact
            </span>
          </a>
          <a
            className="page-link"
            href="/login"
            onClick={[Function]}
          >
            <span>
              SignIn
            </span>
          </a>
        </div>
        <div
          className="socialLinks"
        >
          <div
            className="social-links"
          >
            <a
              className="fa fa-facebook"
              href="facebook.com"
              target="_blank"
            />
            <a
              className="fa fa-github"
              href="github.com"
              target="_blank"
            />
            <a
              className="fa fa-envelope"
              href="vnovick@gmail.comm"
              target="_blank"
            />
          </div>
        </div>
      </div>
      <div
        className="overlay"
      />
    </div>
    <section
      className="App-subheader"
    >
      <div
        className="App-hero"
      >
        <h3
          className="heading heading-3"
        >
          About
        </h3>
      </div>
    </section>
  </header>
  <section
    className="App-body"
  >
    <div
      className="raised-2 section"
    >
      <h1>
        Yo! Mr. White!
      </h1>
      <div>
        <img
          alt=""
          src="https://2static.fjcdn.com/pictures/Yo+mr+white_2b7012_5767233.jpg"
        />
      </div>
    </div>
  </section>
  <footer
    className="App-footer"
  >
    <div
      className="social-links"
    >
      <a
        className="text-link"
        href="facebook.com"
        target="_blank"
      >
        Facebook
      </a>
      <a
        className="text-link"
        href="github.com"
        target="_blank"
      >
        Github
      </a>
      <a
        className="text-link"
        href="vnovick@gmail.comm"
        target="_blank"
      >
        Email
      </a>
    </div>
  </footer>
</div>
`;
